// Jest Snapshot v1, https://goo.gl/fbAQLP

exports[`it works with object ratio 1`] = `
.c0 {
  padding-bottom: calc(100% / 3);
  height: 0;
}

<div
  className="c0"
>
  <p>
    Hello world!
  </p>
</div>
`;

exports[`it works with string ratio 1`] = `
.c0 {
  padding-bottom: calc(100% / 3);
  height: 0;
}

<div
  className="c0"
>
  <p>
    Hello world!
  </p>
</div>
`;
